rm -f *.o *.d *~ temu build_filelist splitimg slirp/*.o slirp/*.d slirp/*~
